Microchip Technology Inc, v1.70 (B)

Tool Name:
  c:\program files\microchip\xc16\v1.70\bin\bin\..\bin/elf-ld.exe

Command:
  -p24F08KL200 \
  --mdfp=C:/Program Files/Microchip/MPLABX/v5.50/packs/Microchip/PIC24F-KA-KL-KM_DFP/1.4.83/xc16 \
  -o \
  dist/default/production/Modulio_wLCD.X.production.elf \
  -Lc:/program files/microchip/xc16/v1.70/bin/bin/.. \
  -LC:/Program Files/Microchip/MPLABX/v5.50/packs/Microchip/PIC24F-KA-KL-KM_DFP/1.4.83/xc16/bin/../support/PIC24F/gld \
  -Lc:/program files/microchip/xc16/v1.70/bin/bin/../../lib \
  -Lc:/program files/microchip/xc16/v1.70/bin/bin/../../support/PIC24E/gld \
  -Lc:/program files/microchip/xc16/v1.70/bin/bin/../../support/PIC24F/gld \
  -Lc:/program files/microchip/xc16/v1.70/bin/bin/../../support/PIC24H/gld \
  -Lc:/program files/microchip/xc16/v1.70/bin/bin/../../support/dsPIC30F/gld \
  -Lc:/program files/microchip/xc16/v1.70/bin/bin/../../support/dsPIC33C/gld \
  -Lc:/program files/microchip/xc16/v1.70/bin/bin/../../support/dsPIC33E/gld \
  -Lc:/program files/microchip/xc16/v1.70/bin/bin/../../support/dsPIC33F/gld \
  build/default/production/_ext/1009458742/ACM1602.o \
  build/default/production/_ext/1009458742/ADXL345.o \
  build/default/production/_ext/1009458742/LPS25H.o \
  build/default/production/_ext/1009458742/Modulio_Common.o \
  build/default/production/_ext/1009458742/Modulio_HAL.o \
  build/default/production/_ext/1009458742/PCA9632.o \
  build/default/production/main.o \
  --defsym=__MPLAB_BUILD=1 \
  -Tp24F08KL200.gld.00 \
  --stack=16 \
  --check-sections \
  --data-init \
  --pack-data \
  --handles \
  --isr \
  --no-gc-sections \
  --fill-upper=0 \
  --stackguard=16 \
  --no-force-link \
  --smart-io \
  -Map=dist/default/production/Modulio_wLCD.X.production.map \
  --report-mem \
  --memorysummary \
  dist/default/production/memoryfile.xml \
  -start-group \
  --library=lega-pic30-elf \
  --library=m-elf \
  --library=lega-c-elf \
  -end-group \


Optional library libpPIC24Fxxx.a not found
Archive member included because of file (symbol)

c:/program files/microchip/xc16/v1.70/bin/bin/../../lib\liblega-pic30-elf.a(crt0_standard.o)
                              (__resetPRI)
c:/program files/microchip/xc16/v1.70/bin/bin/../../lib\liblega-pic30-elf.a(data_init_standard.o)
                              c:/program files/microchip/xc16/v1.70/bin/bin/../../lib\liblega-pic30-elf.a(crt0_standard.o) (__data_init_standard)
c:/program files/microchip/xc16/v1.70/bin/bin/../../lib\liblega-pic30-elf.a(crt_start_mode_normal.Leo)
                              (__crt_start_mode_normal)
c:/program files/microchip/xc16/v1.70/bin/bin/../../lib\liblega-pic30-elf.a(delay32.Leo)
                              build/default/production/_ext/1009458742/Modulio_HAL.o (___delay32)
c:/program files/microchip/xc16/v1.70/bin/bin/../../lib\libm-elf.a(divmoddi3.eo)
                              build/default/production/_ext/1009458742/Modulio_HAL.o (___udivdi3)
c:/program files/microchip/xc16/v1.70/bin/bin/../../lib\libm-elf.a(muldi3.eo)
                              build/default/production/_ext/1009458742/Modulio_HAL.o (___muldi3)
c:/program files/microchip/xc16/v1.70/bin/bin/../../lib\libm-elf.a(umuldi3.eo)
                              c:/program files/microchip/xc16/v1.70/bin/bin/../../lib\libm-elf.a(muldi3.eo) (___umuldi3)


xc16-ld 1.70 (B)

Default Code Model: Small
Default Data Model: Small
Default Scalar Model: Small

"program" Memory  [Origin = 0x200, Length = 0x1400]

section                    address   length (PC units)   length (bytes) (dec)
-------                    -------   -----------------   --------------------
.text                        0x200               0x3d0           0x5b8  (1464)
.const                       0x5d0                0x26            0x39  (57)
.text                        0x5f6               0x904           0xd86  (3462)
.init.delay32                0xefa                0x1c            0x2a  (42)
.dinit                       0xf16                 0x8             0xc  (12)

                 Total "program" memory used (bytes):         0x13ad  (5037) 65%


"data" Memory  [Origin = 0x800, Length = 0x200]

section                    address      alignment gaps    total length  (dec)
-------                    -------      --------------    -------------------
.nbss                        0x800                   0            0xaa  (170)

                 Total "data" memory used (bytes):           0xaa  (170) 33%


Dynamic Memory Usage

region                     address                      maximum length  (dec)
------                     -------                      ---------------------
heap                             0                                   0  (0)
stack                        0x8aa                               0x156  (342)

                 Maximum dynamic memory (bytes):          0x156  (342)

Info: Project is using a large data memory model when small data memory model is sufficient.


External Symbols in Data Memory (by address):

                    0x0800                  _lcd1
                    0x0820                  _lcd2
                    0x0840                  _gsense
                    0x085a                  _psense
                    0x087a                  _led
                    0x0890                  _s
                    0x08a0                  _fx
                    0x08a1                  _fy
                    0x08a2                  _fz
                    0x08a4                  _x
                    0x08a6                  _y
                    0x08a8                  _z

External Symbols in Data Memory (by name):

                    0x08a0                  _fx
                    0x08a1                  _fy
                    0x08a2                  _fz
                    0x0840                  _gsense
                    0x0800                  _lcd1
                    0x0820                  _lcd2
                    0x087a                  _led
                    0x085a                  _psense
                    0x0890                  _s
                    0x08a4                  _x
                    0x08a6                  _y
                    0x08a8                  _z

External Symbols in Program Memory (by address):

                  0x000200                  __resetPRI
                  0x00023c                  __psv_init
                  0x000252                  __data_init_standard
                  0x000252                  __data_init
                  0x000330                  __DefaultInterrupt
                  0x000382                  ___udivmoddi3
                  0x000468                  ___udivdi3
                  0x000476                  ___umoddi3
                  0x00047e                  ___divdi3
                  0x0004de                  ___moddi3
                  0x00053a                  ___muldi3
                  0x00058c                  ___umuldi3
                  0x0005f6                  _pr2dec
                  0x000610                  _pr4dec
                  0x00063a                  _exec_gsense
                  0x0006e4                  _exec_psense
                  0x000782                  _exec_led
                  0x0007aa                  _main
                  0x000882                  build/default/production/_ext/1009458742/ACM1602.o:_ACM1602_Position
                  0x00089c                  build/default/production/_ext/1009458742/ACM1602.o:_ACM1602_WriteData
                  0x0008f8                  build/default/production/_ext/1009458742/ACM1602.o:_ACM1602_PrHexByte
                  0x000920                  build/default/production/_ext/1009458742/ACM1602.o:_ACM1602_PrHexInt
                  0x00093c                  build/default/production/_ext/1009458742/ACM1602.o:_ACM1602_PrString
                  0x000958                  build/default/production/_ext/1009458742/ACM1602.o:_ACM1602_PrCString
                  0x000974                  build/default/production/_ext/1009458742/ACM1602.o:_ACM1602_Clear
                  0x00099c                  build/default/production/_ext/1009458742/ACM1602.o:_ACM1602_Start
                  0x0009f6                  _ACM1602_Setup
                  0x000a74                  _MI2C_WriteBytes
                  0x000acc                  _MI2C_WriteByte
                  0x000b34                  _MI2C_ReadBytes
                  0x000b88                  _MI2C_ReadByte
                  0x000b8e                  _MI2C_Setup
                  0x000ba8                  _MI2C_Start
                  0x000bac                  _MI2C_Waitms
                  0x000bb0                  _MI2C_fSendStart
                  0x000bce                  _MI2C_fSendRepStart
                  0x000bec                  _MI2C_SendStop
                  0x000bf4                  _MI2C_fWrite
                  0x000c06                  _MI2C_bRead
                  0x000c22                  _MI2C_bWriteBytes
                  0x000c76                  _MI2C_fReadBytes
                  0x000cca                  _MI2C_Startup
                  0x000cda                  _MI2C_WaitMills
                  0x000cf2                  build/default/production/_ext/1009458742/LPS25H.o:_LPS25H_Start
                  0x000d1a                  build/default/production/_ext/1009458742/LPS25H.o:_LPS25H_ReadPress
                  0x000d3c                  build/default/production/_ext/1009458742/LPS25H.o:_LPS25H_wConvPress
                  0x000d64                  build/default/production/_ext/1009458742/LPS25H.o:_LPS25H_ReadTemp
                  0x000d84                  build/default/production/_ext/1009458742/LPS25H.o:_LPS25H_wConvTemp
                  0x000dc4                  build/default/production/_ext/1009458742/LPS25H.o:_LPS25H_ReadStatus
                  0x000dce                  _LPS25H_Setup
                  0x000dea                  build/default/production/_ext/1009458742/PCA9632.o:_PCA9632_DRVMode
                  0x000df4                  build/default/production/_ext/1009458742/PCA9632.o:_PCA9632_LEDMode
                  0x000dfe                  build/default/production/_ext/1009458742/PCA9632.o:_PCA9632_Start
                  0x000e2c                  build/default/production/_ext/1009458742/PCA9632.o:_PCA9632_Bright
                  0x000e36                  build/default/production/_ext/1009458742/PCA9632.o:_PCA9632_DimmBlink
                  0x000e5c                  _PCA9632_Setup
                  0x000e74                  build/default/production/_ext/1009458742/ADXL345.o:_ADXL345_Start
                  0x000e7e                  build/default/production/_ext/1009458742/ADXL345.o:_ADXL345_GetID
                  0x000e88                  build/default/production/_ext/1009458742/ADXL345.o:_ADXL345_GetVal
                  0x000ee2                  _ADXL345_Setup
                  0x000efa                  ___delay32

External Symbols in Program Memory (by name):

                  0x0009f6                  _ACM1602_Setup
                  0x000ee2                  _ADXL345_Setup
                  0x000dce                  _LPS25H_Setup
                  0x000b88                  _MI2C_ReadByte
                  0x000b34                  _MI2C_ReadBytes
                  0x000bec                  _MI2C_SendStop
                  0x000b8e                  _MI2C_Setup
                  0x000ba8                  _MI2C_Start
                  0x000cca                  _MI2C_Startup
                  0x000cda                  _MI2C_WaitMills
                  0x000bac                  _MI2C_Waitms
                  0x000acc                  _MI2C_WriteByte
                  0x000a74                  _MI2C_WriteBytes
                  0x000c06                  _MI2C_bRead
                  0x000c22                  _MI2C_bWriteBytes
                  0x000c76                  _MI2C_fReadBytes
                  0x000bce                  _MI2C_fSendRepStart
                  0x000bb0                  _MI2C_fSendStart
                  0x000bf4                  _MI2C_fWrite
                  0x000e5c                  _PCA9632_Setup
                  0x000330                  __DefaultInterrupt
                  0x000efa                  ___delay32
                  0x00047e                  ___divdi3
                  0x0004de                  ___moddi3
                  0x00053a                  ___muldi3
                  0x000468                  ___udivdi3
                  0x000382                  ___udivmoddi3
                  0x000476                  ___umoddi3
                  0x00058c                  ___umuldi3
                  0x000252                  __data_init
                  0x000252                  __data_init_standard
                  0x00023c                  __psv_init
                  0x000200                  __resetPRI
                  0x00063a                  _exec_gsense
                  0x000782                  _exec_led
                  0x0006e4                  _exec_psense
                  0x0007aa                  _main
                  0x0005f6                  _pr2dec
                  0x000610                  _pr4dec
                  0x000974                  build/default/production/_ext/1009458742/ACM1602.o:_ACM1602_Clear
                  0x000882                  build/default/production/_ext/1009458742/ACM1602.o:_ACM1602_Position
                  0x000958                  build/default/production/_ext/1009458742/ACM1602.o:_ACM1602_PrCString
                  0x0008f8                  build/default/production/_ext/1009458742/ACM1602.o:_ACM1602_PrHexByte
                  0x000920                  build/default/production/_ext/1009458742/ACM1602.o:_ACM1602_PrHexInt
                  0x00093c                  build/default/production/_ext/1009458742/ACM1602.o:_ACM1602_PrString
                  0x00099c                  build/default/production/_ext/1009458742/ACM1602.o:_ACM1602_Start
                  0x00089c                  build/default/production/_ext/1009458742/ACM1602.o:_ACM1602_WriteData
                  0x000e7e                  build/default/production/_ext/1009458742/ADXL345.o:_ADXL345_GetID
                  0x000e88                  build/default/production/_ext/1009458742/ADXL345.o:_ADXL345_GetVal
                  0x000e74                  build/default/production/_ext/1009458742/ADXL345.o:_ADXL345_Start
                  0x000d1a                  build/default/production/_ext/1009458742/LPS25H.o:_LPS25H_ReadPress
                  0x000dc4                  build/default/production/_ext/1009458742/LPS25H.o:_LPS25H_ReadStatus
                  0x000d64                  build/default/production/_ext/1009458742/LPS25H.o:_LPS25H_ReadTemp
                  0x000cf2                  build/default/production/_ext/1009458742/LPS25H.o:_LPS25H_Start
                  0x000d3c                  build/default/production/_ext/1009458742/LPS25H.o:_LPS25H_wConvPress
                  0x000d84                  build/default/production/_ext/1009458742/LPS25H.o:_LPS25H_wConvTemp
                  0x000e2c                  build/default/production/_ext/1009458742/PCA9632.o:_PCA9632_Bright
                  0x000dea                  build/default/production/_ext/1009458742/PCA9632.o:_PCA9632_DRVMode
                  0x000e36                  build/default/production/_ext/1009458742/PCA9632.o:_PCA9632_DimmBlink
                  0x000df4                  build/default/production/_ext/1009458742/PCA9632.o:_PCA9632_LEDMode
                  0x000dfe                  build/default/production/_ext/1009458742/PCA9632.o:_PCA9632_Start

Memory Configuration

Name             Origin             Length             Attributes
data             0x000800           0x000200           a !xr
reset            0x000000           0x000004  
ivt              0x000004           0x0000fc  
_reserved        0x000100           0x000004  
aivt             0x000104           0x0000fc  
program          0x000200           0x001400           xr
FBS              0xf80000           0x000002  
FGS              0xf80004           0x000002  
FOSCSEL          0xf80006           0x000002  
FOSC             0xf80008           0x000002  
FWDT             0xf8000a           0x000002  
FPOR             0xf8000c           0x000002  
FICD             0xf8000e           0x000002  
*default*        0x000000           0xffffffff  

Linker script and memory map

LOAD build/default/production/_ext/1009458742/ACM1602.o
LOAD build/default/production/_ext/1009458742/ADXL345.o
LOAD build/default/production/_ext/1009458742/LPS25H.o
LOAD build/default/production/_ext/1009458742/Modulio_Common.o
LOAD build/default/production/_ext/1009458742/Modulio_HAL.o
LOAD build/default/production/_ext/1009458742/PCA9632.o
LOAD build/default/production/main.o
                    0x0001                  __MPLAB_BUILD = 0x1
LOAD pPIC24Fxxx
LOAD c:/program files/microchip/xc16/v1.70/bin/bin/../../lib\libfx-elf.a
                    0xf80000                  __FBS = 0xf80000
                    0xf80004                  __FGS = 0xf80004
                    0xf80006                  __FOSCSEL = 0xf80006
                    0xf80008                  __FOSC = 0xf80008
                    0xf8000a                  __FWDT = 0xf8000a
                    0xf8000c                  __FPOR = 0xf8000c
                    0xf8000e                  __FICD = 0xf8000e
                    0x0001                  __NO_HANDLES = 0x1
                    0x0200                  __CODE_BASE = 0x200
                    0x1400                  __CODE_LENGTH = 0x1400
                    0x0004                  __IVT_BASE = 0x4
                    0x0104                  __AIVT_BASE = 0x104
                    0x0800                  __DATA_BASE = 0x800
                    0x0200                  __DATA_LENGTH = 0x200

.reset            0x000000          0x4
                  0x000000          0x2 SHORT 0x200 ABSOLUTE (__reset)
                  0x000001          0x2 SHORT 0x4
                  0x000002          0x2 SHORT 0x0 ((ABSOLUTE (__reset) >> 0x10) & 0x7f)
                  0x000003          0x2 SHORT 0x0

.text             0x000200        0x3d0
 *(.init)
 .init            0x000200         0x4c c:/program files/microchip/xc16/v1.70/bin/bin/../../lib\liblega-pic30-elf.a(crt0_standard.o)
                  0x000200                  __resetPRI
                  0x000200                  __reset
                  0x00023c                  __psv_init
 .init            0x00024c         0x7c c:/program files/microchip/xc16/v1.70/bin/bin/../../lib\liblega-pic30-elf.a(data_init_standard.o)
                  0x000252                  __data_init_standard
                  0x000252                  __data_init
 *(.user_init)
 *(.handle)
 *(.isr*)
 .isr             0x000330          0x4 default_isr
                  0x000330                  __DefaultInterrupt
 *(.libc)
 *(.libm)
 *(.libdsp)
 *(.lib*)
 .libpic30_crt_start_mode
                  0x000334          0x2 c:/program files/microchip/xc16/v1.70/bin/bin/../../lib\liblega-pic30-elf.a(crt_start_mode_normal.Leo)
                  0x000334                  __crt_start_mode
                  0x000334                  __crt_start_mode_normal
 .libm.__PplusBdi
                  0x000336         0x26 c:/program files/microchip/xc16/v1.70/bin/bin/../../lib\libm-elf.a(divmoddi3.eo)
 .libm.__PminusBdi
                  0x00035c         0x26 c:/program files/microchip/xc16/v1.70/bin/bin/../../lib\libm-elf.a(divmoddi3.eo)
 .libm.__udivmoddi3
                  0x000382         0xe6 c:/program files/microchip/xc16/v1.70/bin/bin/../../lib\libm-elf.a(divmoddi3.eo)
                  0x000382                  ___udivmoddi3
 .libm.__udivdi3
                  0x000468          0xe c:/program files/microchip/xc16/v1.70/bin/bin/../../lib\libm-elf.a(divmoddi3.eo)
                  0x000468                  ___udivdi3
 .libm.__umoddi3
                  0x000476          0x8 c:/program files/microchip/xc16/v1.70/bin/bin/../../lib\libm-elf.a(divmoddi3.eo)
                  0x000476                  ___umoddi3
 .libm.__divdi3
                  0x00047e         0x60 c:/program files/microchip/xc16/v1.70/bin/bin/../../lib\libm-elf.a(divmoddi3.eo)
                  0x00047e                  ___divdi3
 .libm.__moddi3
                  0x0004de         0x5c c:/program files/microchip/xc16/v1.70/bin/bin/../../lib\libm-elf.a(divmoddi3.eo)
                  0x0004de                  ___moddi3
 .libm.__muldi3
                  0x00053a         0x52 c:/program files/microchip/xc16/v1.70/bin/bin/../../lib\libm-elf.a(muldi3.eo)
                  0x00053a                  ___muldi3
 .libm.umuldi3    0x00058c         0x44 c:/program files/microchip/xc16/v1.70/bin/bin/../../lib\libm-elf.a(umuldi3.eo)
                  0x00058c                  ___umuldi3

usercode
 *(usercode)

__FBS
 *(__FBS.sec*)

__FGS
 *(__FGS.sec*)

__FOSCSEL
 *(__FOSCSEL.sec*)

__FOSC
 *(__FOSC.sec*)

__FWDT
 *(__FWDT.sec*)

__FPOR
 *(__FPOR.sec*)

__FICD
 *(__FICD.sec*)

.comment
 *(.comment)

.debug_info       0x000000       0x2c37
 *(.debug_info)
 .debug_info      0x000000        0x6c8 build/default/production/_ext/1009458742/ACM1602.o
 .debug_info      0x0006c8        0x3f8 build/default/production/_ext/1009458742/ADXL345.o
 .debug_info      0x000ac0        0x54c build/default/production/_ext/1009458742/LPS25H.o
 .debug_info      0x00100c        0x562 build/default/production/_ext/1009458742/Modulio_Common.o
 .debug_info      0x00156e        0x888 build/default/production/_ext/1009458742/Modulio_HAL.o
 .debug_info      0x001df6        0x4e1 build/default/production/_ext/1009458742/PCA9632.o
 .debug_info      0x0022d7        0x960 build/default/production/main.o
 *(.gnu.linkonce.wi.*)

.debug_abbrev     0x000000        0x6e3
 *(.debug_abbrev)
 .debug_abbrev    0x000000        0x104 build/default/production/_ext/1009458742/ACM1602.o
 .debug_abbrev    0x000104         0xdf build/default/production/_ext/1009458742/ADXL345.o
 .debug_abbrev    0x0001e3         0xec build/default/production/_ext/1009458742/LPS25H.o
 .debug_abbrev    0x0002cf        0x112 build/default/production/_ext/1009458742/Modulio_Common.o
 .debug_abbrev    0x0003e1        0x138 build/default/production/_ext/1009458742/Modulio_HAL.o
 .debug_abbrev    0x000519         0xaf build/default/production/_ext/1009458742/PCA9632.o
 .debug_abbrev    0x0005c8        0x11b build/default/production/main.o

.debug_line       0x000000        0x589
 *(.debug_line)
 .debug_line      0x000000         0xc0 build/default/production/_ext/1009458742/ACM1602.o
 .debug_line      0x0000c0         0x7d build/default/production/_ext/1009458742/ADXL345.o
 .debug_line      0x00013d         0x97 build/default/production/_ext/1009458742/LPS25H.o
 .debug_line      0x0001d4         0xca build/default/production/_ext/1009458742/Modulio_Common.o
 .debug_line      0x00029e        0x17e build/default/production/_ext/1009458742/Modulio_HAL.o
 .debug_line      0x00041c         0x82 build/default/production/_ext/1009458742/PCA9632.o
 .debug_line      0x00049e         0xeb build/default/production/main.o

.debug_frame      0x000000        0x516
 *(.debug_frame)
 .debug_frame     0x000000         0xf2 build/default/production/_ext/1009458742/ACM1602.o
 .debug_frame     0x0000f2         0x66 build/default/production/_ext/1009458742/ADXL345.o
 .debug_frame     0x000158         0xa2 build/default/production/_ext/1009458742/LPS25H.o
 .debug_frame     0x0001fa        0x10e build/default/production/_ext/1009458742/Modulio_Common.o
 .debug_frame     0x000308         0xdc build/default/production/_ext/1009458742/Modulio_HAL.o
 .debug_frame     0x0003e4         0x98 build/default/production/_ext/1009458742/PCA9632.o
 .debug_frame     0x00047c         0x9a build/default/production/main.o

.debug_str        0x000000         0x7b
 *(.debug_str)
 .debug_str       0x000000          0x5 build/default/production/_ext/1009458742/ACM1602.o
 .debug_str       0x000005         0x16 build/default/production/_ext/1009458742/Modulio_Common.o
 .debug_str       0x00001b         0x54 build/default/production/_ext/1009458742/Modulio_HAL.o
 .debug_str       0x00006f          0xc build/default/production/main.o

.debug_loc
 *(.debug_loc)

.debug_macinfo
 *(.debug_macinfo)

.debug_pubnames
                  0x000000        0x291
 *(.debug_pubnames)
 .debug_pubnames
                  0x000000         0x24 build/default/production/_ext/1009458742/ACM1602.o
 .debug_pubnames
                  0x000024         0x24 build/default/production/_ext/1009458742/ADXL345.o
 .debug_pubnames
                  0x000048         0x23 build/default/production/_ext/1009458742/LPS25H.o
 .debug_pubnames
                  0x00006b         0x8c build/default/production/_ext/1009458742/Modulio_Common.o
 .debug_pubnames
                  0x0000f7         0xbb build/default/production/_ext/1009458742/Modulio_HAL.o
 .debug_pubnames
                  0x0001b2         0x24 build/default/production/_ext/1009458742/PCA9632.o
 .debug_pubnames
                  0x0001d6         0xbb build/default/production/main.o

.debug_ranges
 *(.debug_ranges)

.debug_aranges    0x000000         0xa8
 *(.debug_aranges)
 .debug_aranges
                  0x000000         0x18 build/default/production/_ext/1009458742/ACM1602.o
 .debug_aranges
                  0x000018         0x18 build/default/production/_ext/1009458742/ADXL345.o
 .debug_aranges
                  0x000030         0x18 build/default/production/_ext/1009458742/LPS25H.o
 .debug_aranges
                  0x000048         0x18 build/default/production/_ext/1009458742/Modulio_Common.o
 .debug_aranges
                  0x000060         0x18 build/default/production/_ext/1009458742/Modulio_HAL.o
 .debug_aranges
                  0x000078         0x18 build/default/production/_ext/1009458742/PCA9632.o
 .debug_aranges
                  0x000090         0x18 build/default/production/main.o
                    0x0000                  WREG0 = 0x0
                    0x0000                  _WREG0 = 0x0
                    0x0002                  WREG1 = 0x2
                    0x0002                  _WREG1 = 0x2
                    0x0004                  WREG2 = 0x4
                    0x0004                  _WREG2 = 0x4
                    0x0006                  WREG3 = 0x6
                    0x0006                  _WREG3 = 0x6
                    0x0008                  WREG4 = 0x8
                    0x0008                  _WREG4 = 0x8
                    0x000a                  WREG5 = 0xa
                    0x000a                  _WREG5 = 0xa
                    0x000c                  WREG6 = 0xc
                    0x000c                  _WREG6 = 0xc
                    0x000e                  WREG7 = 0xe
                    0x000e                  _WREG7 = 0xe
                    0x0010                  WREG8 = 0x10
                    0x0010                  _WREG8 = 0x10
                    0x0012                  WREG9 = 0x12
                    0x0012                  _WREG9 = 0x12
                    0x0014                  WREG10 = 0x14
                    0x0014                  _WREG10 = 0x14
                    0x0016                  WREG11 = 0x16
                    0x0016                  _WREG11 = 0x16
                    0x0018                  WREG12 = 0x18
                    0x0018                  _WREG12 = 0x18
                    0x001a                  WREG13 = 0x1a
                    0x001a                  _WREG13 = 0x1a
                    0x001c                  WREG14 = 0x1c
                    0x001c                  _WREG14 = 0x1c
                    0x001e                  WREG15 = 0x1e
                    0x001e                  _WREG15 = 0x1e
                    0x0020                  SPLIM = 0x20
                    0x0020                  _SPLIM = 0x20
                    0x002e                  PCL = 0x2e
                    0x002e                  _PCL = 0x2e
                    0x0030                  PCH = 0x30
                    0x0030                  _PCH = 0x30
                    0x0032                  TBLPAG = 0x32
                    0x0032                  _TBLPAG = 0x32
                    0x0034                  PSVPAG = 0x34
                    0x0034                  _PSVPAG = 0x34
                    0x0036                  RCOUNT = 0x36
                    0x0036                  _RCOUNT = 0x36
                    0x0042                  SR = 0x42
                    0x0042                  _SR = 0x42
                    0x0042                  _SRbits = 0x42
                    0x0044                  CORCON = 0x44
                    0x0044                  _CORCON = 0x44
                    0x0044                  _CORCONbits = 0x44
                    0x0052                  DISICNT = 0x52
                    0x0052                  _DISICNT = 0x52
                    0x0056                  CNPD1 = 0x56
                    0x0056                  _CNPD1 = 0x56
                    0x0056                  _CNPD1bits = 0x56
                    0x0058                  CNPD2 = 0x58
                    0x0058                  _CNPD2 = 0x58
                    0x0058                  _CNPD2bits = 0x58
                    0x0062                  CNEN1 = 0x62
                    0x0062                  _CNEN1 = 0x62
                    0x0062                  _CNEN1bits = 0x62
                    0x0064                  CNEN2 = 0x64
                    0x0064                  _CNEN2 = 0x64
                    0x0064                  _CNEN2bits = 0x64
                    0x006e                  CNPU1 = 0x6e
                    0x006e                  _CNPU1 = 0x6e
                    0x006e                  _CNPU1bits = 0x6e
                    0x0070                  CNPU2 = 0x70
                    0x0070                  _CNPU2 = 0x70
                    0x0070                  _CNPU2bits = 0x70
                    0x0080                  INTCON1 = 0x80
                    0x0080                  _INTCON1 = 0x80
                    0x0080                  _INTCON1bits = 0x80
                    0x0082                  INTCON2 = 0x82
                    0x0082                  _INTCON2 = 0x82
                    0x0082                  _INTCON2bits = 0x82
                    0x0084                  IFS0 = 0x84
                    0x0084                  _IFS0 = 0x84
                    0x0084                  _IFS0bits = 0x84
                    0x0086                  IFS1 = 0x86
                    0x0086                  _IFS1 = 0x86
                    0x0086                  _IFS1bits = 0x86
                    0x0088                  IFS2 = 0x88
                    0x0088                  _IFS2 = 0x88
                    0x0088                  _IFS2bits = 0x88
                    0x008a                  IFS3 = 0x8a
                    0x008a                  _IFS3 = 0x8a
                    0x008c                  IFS4 = 0x8c
                    0x008c                  _IFS4 = 0x8c
                    0x008c                  _IFS4bits = 0x8c
                    0x008e                  IFS5 = 0x8e
                    0x008e                  _IFS5 = 0x8e
                    0x008e                  _IFS5bits = 0x8e
                    0x0094                  IEC0 = 0x94
                    0x0094                  _IEC0 = 0x94
                    0x0094                  _IEC0bits = 0x94
                    0x0096                  IEC1 = 0x96
                    0x0096                  _IEC1 = 0x96
                    0x0096                  _IEC1bits = 0x96
                    0x0098                  IEC2 = 0x98
                    0x0098                  _IEC2 = 0x98
                    0x0098                  _IEC2bits = 0x98
                    0x009a                  IEC3 = 0x9a
                    0x009a                  _IEC3 = 0x9a
                    0x009c                  IEC4 = 0x9c
                    0x009c                  _IEC4 = 0x9c
                    0x009c                  _IEC4bits = 0x9c
                    0x009e                  IEC5 = 0x9e
                    0x009e                  _IEC5 = 0x9e
                    0x009e                  _IEC5bits = 0x9e
                    0x00a4                  IPC0 = 0xa4
                    0x00a4                  _IPC0 = 0xa4
                    0x00a4                  _IPC0bits = 0xa4
                    0x00a6                  IPC1 = 0xa6
                    0x00a6                  _IPC1 = 0xa6
                    0x00a6                  _IPC1bits = 0xa6
                    0x00a8                  IPC2 = 0xa8
                    0x00a8                  _IPC2 = 0xa8
                    0x00a8                  _IPC2bits = 0xa8
                    0x00aa                  IPC3 = 0xaa
                    0x00aa                  _IPC3 = 0xaa
                    0x00aa                  _IPC3bits = 0xaa
                    0x00ac                  IPC4 = 0xac
                    0x00ac                  _IPC4 = 0xac
                    0x00ac                  _IPC4bits = 0xac
                    0x00ae                  IPC5 = 0xae
                    0x00ae                  _IPC5 = 0xae
                    0x00ae                  _IPC5bits = 0xae
                    0x00b0                  IPC6 = 0xb0
                    0x00b0                  _IPC6 = 0xb0
                    0x00b2                  IPC7 = 0xb2
                    0x00b2                  _IPC7 = 0xb2
                    0x00b2                  _IPC7bits = 0xb2
                    0x00b6                  IPC9 = 0xb6
                    0x00b6                  _IPC9 = 0xb6
                    0x00b6                  _IPC9bits = 0xb6
                    0x00bc                  IPC12 = 0xbc
                    0x00bc                  _IPC12 = 0xbc
                    0x00c4                  IPC16 = 0xc4
                    0x00c4                  _IPC16 = 0xc4
                    0x00c4                  _IPC16bits = 0xc4
                    0x00c8                  IPC18 = 0xc8
                    0x00c8                  _IPC18 = 0xc8
                    0x00c8                  _IPC18bits = 0xc8
                    0x00cc                  IPC20 = 0xcc
                    0x00cc                  _IPC20 = 0xcc
                    0x00cc                  _IPC20bits = 0xcc
                    0x00e0                  INTTREG = 0xe0
                    0x00e0                  _INTTREG = 0xe0
                    0x00e0                  _INTTREGbits = 0xe0
                    0x0100                  TMR1 = 0x100
                    0x0100                  _TMR1 = 0x100
                    0x0102                  PR1 = 0x102
                    0x0102                  _PR1 = 0x102
                    0x0104                  T1CON = 0x104
                    0x0104                  _T1CON = 0x104
                    0x0104                  _T1CONbits = 0x104
                    0x0106                  TMR2 = 0x106
                    0x0106                  _TMR2 = 0x106
                    0x0108                  PR2 = 0x108
                    0x0108                  _PR2 = 0x108
                    0x010a                  T2CON = 0x10a
                    0x010a                  _T2CON = 0x10a
                    0x010a                  _T2CONbits = 0x10a
                    0x010c                  TMR3 = 0x10c
                    0x010c                  _TMR3 = 0x10c
                    0x010e                  T3GCON = 0x10e
                    0x010e                  _T3GCON = 0x10e
                    0x010e                  _T3GCONbits = 0x10e
                    0x0110                  T3CON = 0x110
                    0x0110                  _T3CON = 0x110
                    0x0110                  _T3CONbits = 0x110
                    0x0190                  CCP1CON = 0x190
                    0x0190                  _CCP1CON = 0x190
                    0x0190                  _CCP1CONbits = 0x190
                    0x0192                  CCPR1L = 0x192
                    0x0192                  _CCPR1L = 0x192
                    0x0194                  CCPR1H = 0x194
                    0x0194                  _CCPR1H = 0x194
                    0x019c                  CCP2CON = 0x19c
                    0x019c                  _CCP2CON = 0x19c
                    0x019c                  _CCP2CONbits = 0x19c
                    0x019e                  CCPR2L = 0x19e
                    0x019e                  _CCPR2L = 0x19e
                    0x01a0                  CCPR2H = 0x1a0
                    0x01a0                  _CCPR2H = 0x1a0
                    0x0200                  SPI1BUF = 0x200
                    0x0200                  _SPI1BUF = 0x200
                    0x0200                  _SPI1BUFbits = 0x200
                    0x0200                  SSP1BUF = 0x200
                    0x0200                  _SSP1BUF = 0x200
                    0x0200                  _SSP1BUFbits = 0x200
                    0x0202                  SSP1CON1 = 0x202
                    0x0202                  _SSP1CON1 = 0x202
                    0x0202                  _SSP1CON1bits = 0x202
                    0x0204                  SSP1CON2 = 0x204
                    0x0204                  _SSP1CON2 = 0x204
                    0x0204                  _SSP1CON2bits = 0x204
                    0x0206                  SSP1CON3 = 0x206
                    0x0206                  _SSP1CON3 = 0x206
                    0x0206                  _SSP1CON3bits = 0x206
                    0x0208                  SSP1STAT = 0x208
                    0x0208                  _SSP1STAT = 0x208
                    0x0208                  _SSP1STATbits = 0x208
                    0x020a                  I2C1ADD = 0x20a
                    0x020a                  _I2C1ADD = 0x20a
                    0x020a                  _I2C1ADDbits = 0x20a
                    0x020a                  SSP1ADD = 0x20a
                    0x020a                  _SSP1ADD = 0x20a
                    0x020a                  _SSP1ADDbits = 0x20a
                    0x020c                  I2C1MSK = 0x20c
                    0x020c                  _I2C1MSK = 0x20c
                    0x020c                  _I2C1MSKbits = 0x20c
                    0x020c                  SSP1MSK = 0x20c
                    0x020c                  _SSP1MSK = 0x20c
                    0x020c                  _SSP1MSKbits = 0x20c
                    0x0220                  U1MODE = 0x220
                    0x0220                  _U1MODE = 0x220
                    0x0220                  _U1MODEbits = 0x220
                    0x0222                  U1STA = 0x222
                    0x0222                  _U1STA = 0x222
                    0x0222                  _U1STAbits = 0x222
                    0x0224                  U1TXREG = 0x224
                    0x0224                  _U1TXREG = 0x224
                    0x0224                  _U1TXREGbits = 0x224
                    0x0226                  U1RXREG = 0x226
                    0x0226                  _U1RXREG = 0x226
                    0x0226                  _U1RXREGbits = 0x226
                    0x0228                  U1BRG = 0x228
                    0x0228                  _U1BRG = 0x228
                    0x02c0                  TRISA = 0x2c0
                    0x02c0                  _TRISA = 0x2c0
                    0x02c0                  _TRISAbits = 0x2c0
                    0x02c2                  PORTA = 0x2c2
                    0x02c2                  _PORTA = 0x2c2
                    0x02c2                  _PORTAbits = 0x2c2
                    0x02c4                  LATA = 0x2c4
                    0x02c4                  _LATA = 0x2c4
                    0x02c4                  _LATAbits = 0x2c4
                    0x02c6                  ODCA = 0x2c6
                    0x02c6                  _ODCA = 0x2c6
                    0x02c6                  _ODCAbits = 0x2c6
                    0x02c8                  TRISB = 0x2c8
                    0x02c8                  _TRISB = 0x2c8
                    0x02c8                  _TRISBbits = 0x2c8
                    0x02ca                  PORTB = 0x2ca
                    0x02ca                  _PORTB = 0x2ca
                    0x02ca                  _PORTBbits = 0x2ca
                    0x02cc                  LATB = 0x2cc
                    0x02cc                  _LATB = 0x2cc
                    0x02cc                  _LATBbits = 0x2cc
                    0x02ce                  ODCB = 0x2ce
                    0x02ce                  _ODCB = 0x2ce
                    0x02ce                  _ODCBbits = 0x2ce
                    0x02fc                  PADCFG1 = 0x2fc
                    0x02fc                  _PADCFG1 = 0x2fc
                    0x02fc                  _PADCFG1bits = 0x2fc
                    0x0300                  ADC1BUF0 = 0x300
                    0x0300                  _ADC1BUF0 = 0x300
                    0x0302                  ADC1BUF1 = 0x302
                    0x0302                  _ADC1BUF1 = 0x302
                    0x0320                  AD1CON1 = 0x320
                    0x0320                  _AD1CON1 = 0x320
                    0x0320                  _AD1CON1bits = 0x320
                    0x0322                  AD1CON2 = 0x322
                    0x0322                  _AD1CON2 = 0x322
                    0x0322                  _AD1CON2bits = 0x322
                    0x0324                  AD1CON3 = 0x324
                    0x0324                  _AD1CON3 = 0x324
                    0x0324                  _AD1CON3bits = 0x324
                    0x0328                  AD1CHS = 0x328
                    0x0328                  _AD1CHS = 0x328
                    0x0328                  _AD1CHSbits = 0x328
                    0x0330                  AD1CSSL = 0x330
                    0x0330                  _AD1CSSL = 0x330
                    0x0330                  _AD1CSSLbits = 0x330
                    0x04de                  ANCFG = 0x4de
                    0x04de                  _ANCFG = 0x4de
                    0x04de                  _ANCFGbits = 0x4de
                    0x04e0                  ANSA = 0x4e0
                    0x04e0                  _ANSA = 0x4e0
                    0x04e0                  _ANSAbits = 0x4e0
                    0x04e0                  ANSELA = 0x4e0
                    0x04e0                  _ANSELA = 0x4e0
                    0x04e0                  _ANSELAbits = 0x4e0
                    0x04e2                  ANSB = 0x4e2
                    0x04e2                  _ANSB = 0x4e2
                    0x04e2                  _ANSBbits = 0x4e2
                    0x04e2                  ANSELB = 0x4e2
                    0x04e2                  _ANSELB = 0x4e2
                    0x04e2                  _ANSELBbits = 0x4e2
                    0x0630                  CMSTAT = 0x630
                    0x0630                  _CMSTAT = 0x630
                    0x0630                  _CMSTATbits = 0x630
                    0x0632                  CVRCON = 0x632
                    0x0632                  _CVRCON = 0x632
                    0x0632                  _CVRCONbits = 0x632
                    0x0634                  CM1CON = 0x634
                    0x0634                  _CM1CON = 0x634
                    0x0634                  _CM1CONbits = 0x634
                    0x0740                  RCON = 0x740
                    0x0740                  _RCON = 0x740
                    0x0740                  _RCONbits = 0x740
                    0x0742                  OSCCON = 0x742
                    0x0742                  _OSCCON = 0x742
                    0x0742                  _OSCCONbits = 0x742
                    0x0742                  OSCCONL = 0x742
                    0x0742                  _OSCCONL = 0x742
                    0x0743                  OSCCONH = 0x743
                    0x0743                  _OSCCONH = 0x743
                    0x0744                  CLKDIV = 0x744
                    0x0744                  _CLKDIV = 0x744
                    0x0744                  _CLKDIVbits = 0x744
                    0x0748                  OSCTUN = 0x748
                    0x0748                  _OSCTUN = 0x748
                    0x0748                  _OSCTUNbits = 0x748
                    0x074e                  REFOCON = 0x74e
                    0x074e                  _REFOCON = 0x74e
                    0x074e                  _REFOCONbits = 0x74e
                    0x0756                  HLVDCON = 0x756
                    0x0756                  _HLVDCON = 0x756
                    0x0756                  _HLVDCONbits = 0x756
                    0x0760                  NVMCON = 0x760
                    0x0760                  _NVMCON = 0x760
                    0x0760                  _NVMCONbits = 0x760
                    0x0766                  NVMKEY = 0x766
                    0x0766                  _NVMKEY = 0x766
                    0x0766                  _NVMKEYbits = 0x766
                    0x0768                  ULPWCON = 0x768
                    0x0768                  _ULPWCON = 0x768
                    0x0768                  _ULPWCONbits = 0x768
                    0x0770                  PMD1 = 0x770
                    0x0770                  _PMD1 = 0x770
                    0x0770                  _PMD1bits = 0x770
                    0x0770                  PMDIS1 = 0x770
                    0x0770                  _PMDIS1 = 0x770
                    0x0770                  _PMDIS1bits = 0x770
                    0x0772                  PMD2 = 0x772
                    0x0772                  _PMD2 = 0x772
                    0x0772                  _PMD2bits = 0x772
                    0x0772                  PMDIS2 = 0x772
                    0x0772                  _PMDIS2 = 0x772
                    0x0772                  _PMDIS2bits = 0x772
                    0x0774                  PMD3 = 0x774
                    0x0774                  _PMD3 = 0x774
                    0x0774                  _PMD3bits = 0x774
                    0x0774                  PMDIS3 = 0x774
                    0x0774                  _PMDIS3 = 0x774
                    0x0774                  _PMDIS3bits = 0x774
                    0x0776                  PMD4 = 0x776
                    0x0776                  _PMD4 = 0x776
                    0x0776                  _PMD4bits = 0x776
                    0x0776                  PMDIS4 = 0x776
                    0x0776                  _PMDIS4 = 0x776
                    0x0776                  _PMDIS4bits = 0x776
                    0x0220                  UART1 = 0x220
                    0x0220                  _UART1 = 0x220
START GROUP
LOAD c:/program files/microchip/xc16/v1.70/bin/bin/../../lib\liblega-pic30-elf.a
LOAD c:/program files/microchip/xc16/v1.70/bin/bin/../../lib\libm-elf.a
LOAD c:/program files/microchip/xc16/v1.70/bin/bin/../../lib\liblega-c-elf.a
END GROUP
OUTPUT(dist/default/production/Modulio_wLCD.X.production.elf elf32-pic30)
LOAD jump_table
LOAD default_isr
LOAD data_init

.debug_pubtypes
                  0x0000a8        0x281
 .debug_pubtypes
                  0x0000a8         0x50 build/default/production/_ext/1009458742/ACM1602.o
 .debug_pubtypes
                  0x0000f8         0x50 build/default/production/_ext/1009458742/ADXL345.o
 .debug_pubtypes
                  0x000148         0x4e build/default/production/_ext/1009458742/LPS25H.o
 .debug_pubtypes
                  0x000196         0x32 build/default/production/_ext/1009458742/Modulio_Common.o
 .debug_pubtypes
                  0x0001c8         0x69 build/default/production/_ext/1009458742/Modulio_HAL.o
 .debug_pubtypes
                  0x000231         0x50 build/default/production/_ext/1009458742/PCA9632.o
 .debug_pubtypes
                  0x000281         0xa8 build/default/production/main.o

__c30_signature
                  0x000329         0x4e
 __c30_signature
                  0x000329          0x6 build/default/production/_ext/1009458742/ACM1602.o
 __c30_signature
                  0x00032f          0x6 build/default/production/_ext/1009458742/ADXL345.o
 __c30_signature
                  0x000335          0x6 build/default/production/_ext/1009458742/LPS25H.o
 __c30_signature
                  0x00033b          0x6 build/default/production/_ext/1009458742/Modulio_Common.o
 __c30_signature
                  0x000341          0x6 build/default/production/_ext/1009458742/Modulio_HAL.o
 __c30_signature
                  0x000347          0x6 build/default/production/_ext/1009458742/PCA9632.o
 __c30_signature
                  0x00034d          0x6 build/default/production/main.o
 __c30_signature
                  0x000353          0x6 c:/program files/microchip/xc16/v1.70/bin/bin/../../lib\liblega-pic30-elf.a(crt0_standard.o)
 __c30_signature
                  0x000359          0x6 c:/program files/microchip/xc16/v1.70/bin/bin/../../lib\liblega-pic30-elf.a(data_init_standard.o)
 __c30_signature
                  0x00035f          0x6 c:/program files/microchip/xc16/v1.70/bin/bin/../../lib\liblega-pic30-elf.a(delay32.Leo)
 __c30_signature
                  0x000365          0x6 c:/program files/microchip/xc16/v1.70/bin/bin/../../lib\libm-elf.a(divmoddi3.eo)
 __c30_signature
                  0x00036b          0x6 c:/program files/microchip/xc16/v1.70/bin/bin/../../lib\libm-elf.a(muldi3.eo)
 __c30_signature
                  0x000371          0x6 c:/program files/microchip/xc16/v1.70/bin/bin/../../lib\libm-elf.a(umuldi3.eo)

.nbss               0x0800         0xaa
 .nbss              0x0800         0xaa build/default/production/main.o
                    0x0800                  _lcd1
                    0x0820                  _lcd2
                    0x0840                  _gsense
                    0x085a                  _psense
                    0x087a                  _led
                    0x0890                  _s
                    0x08a0                  _fx
                    0x08a1                  _fy
                    0x08a2                  _fz
                    0x08a4                  _x
                    0x08a6                  _y
                    0x08a8                  _z

.const              0x85d0         0x26 load address 0x0005d0  
 .const             0x85d0         0x16 build/default/production/main.o
 .const             0x85e6         0x10 build/default/production/_ext/1009458742/ACM1602.o

.text             0x0005f6        0x904
 .text            0x0005f6        0x28c build/default/production/main.o
                  0x0005f6                  _pr2dec
                  0x000610                  _pr4dec
                  0x00063a                  _exec_gsense
                  0x0006e4                  _exec_psense
                  0x000782                  _exec_led
                  0x0007aa                  _main
 .text            0x000882        0x19e build/default/production/_ext/1009458742/ACM1602.o
                  0x000882                  build/default/production/_ext/1009458742/ACM1602.o:_ACM1602_Position
                  0x00089c                  build/default/production/_ext/1009458742/ACM1602.o:_ACM1602_WriteData
                  0x0008f8                  build/default/production/_ext/1009458742/ACM1602.o:_ACM1602_PrHexByte
                  0x000920                  build/default/production/_ext/1009458742/ACM1602.o:_ACM1602_PrHexInt
                  0x00093c                  build/default/production/_ext/1009458742/ACM1602.o:_ACM1602_PrString
                  0x000958                  build/default/production/_ext/1009458742/ACM1602.o:_ACM1602_PrCString
                  0x000974                  build/default/production/_ext/1009458742/ACM1602.o:_ACM1602_Clear
                  0x00099c                  build/default/production/_ext/1009458742/ACM1602.o:_ACM1602_Start
                  0x0009f6                  _ACM1602_Setup
 .text            0x000a20        0x190 build/default/production/_ext/1009458742/Modulio_Common.o
                  0x000a74                  _MI2C_WriteBytes
                  0x000acc                  _MI2C_WriteByte
                  0x000b34                  _MI2C_ReadBytes
                  0x000b88                  _MI2C_ReadByte
                  0x000b8e                  _MI2C_Setup
                  0x000ba8                  _MI2C_Start
                  0x000bac                  _MI2C_Waitms
 .text            0x000bb0        0x142 build/default/production/_ext/1009458742/Modulio_HAL.o
                  0x000bb0                  _MI2C_fSendStart
                  0x000bce                  _MI2C_fSendRepStart
                  0x000bec                  _MI2C_SendStop
                  0x000bf4                  _MI2C_fWrite
                  0x000c06                  _MI2C_bRead
                  0x000c22                  _MI2C_bWriteBytes
                  0x000c76                  _MI2C_fReadBytes
                  0x000cca                  _MI2C_Startup
                  0x000cda                  _MI2C_WaitMills
 .text            0x000cf2         0xf8 build/default/production/_ext/1009458742/LPS25H.o
                  0x000cf2                  build/default/production/_ext/1009458742/LPS25H.o:_LPS25H_Start
                  0x000d1a                  build/default/production/_ext/1009458742/LPS25H.o:_LPS25H_ReadPress
                  0x000d3c                  build/default/production/_ext/1009458742/LPS25H.o:_LPS25H_wConvPress
                  0x000d64                  build/default/production/_ext/1009458742/LPS25H.o:_LPS25H_ReadTemp
                  0x000d84                  build/default/production/_ext/1009458742/LPS25H.o:_LPS25H_wConvTemp
                  0x000dc4                  build/default/production/_ext/1009458742/LPS25H.o:_LPS25H_ReadStatus
                  0x000dce                  _LPS25H_Setup
 .text            0x000dea         0x8a build/default/production/_ext/1009458742/PCA9632.o
                  0x000dea                  build/default/production/_ext/1009458742/PCA9632.o:_PCA9632_DRVMode
                  0x000df4                  build/default/production/_ext/1009458742/PCA9632.o:_PCA9632_LEDMode
                  0x000dfe                  build/default/production/_ext/1009458742/PCA9632.o:_PCA9632_Start
                  0x000e2c                  build/default/production/_ext/1009458742/PCA9632.o:_PCA9632_Bright
                  0x000e36                  build/default/production/_ext/1009458742/PCA9632.o:_PCA9632_DimmBlink
                  0x000e5c                  _PCA9632_Setup
 .text            0x000e74         0x86 build/default/production/_ext/1009458742/ADXL345.o
                  0x000e74                  build/default/production/_ext/1009458742/ADXL345.o:_ADXL345_Start
                  0x000e7e                  build/default/production/_ext/1009458742/ADXL345.o:_ADXL345_GetID
                  0x000e88                  build/default/production/_ext/1009458742/ADXL345.o:_ADXL345_GetVal
                  0x000ee2                  _ADXL345_Setup

.init.delay32     0x000efa         0x1c
 .init.delay32    0x000efa         0x1c c:/program files/microchip/xc16/v1.70/bin/bin/../../lib\liblega-pic30-elf.a(delay32.Leo)
                  0x000efa                  ___delay32

.dinit            0x000f16          0x8
 .dinit           0x000f16          0x8 data_init
